> Task :compileJava UP-TO-DATE
> Task :processResources UP-TO-DATE
> Task :classes UP-TO-DATE
> Task :compileTestJava UP-TO-DATE
> Task :processTestResources UP-TO-DATE
> Task :testClasses UP-TO-DATE

> Task :test FAILED

AccommodationServiceTest > initializationError FAILED
    java.lang.IllegalStateException at DefaultCacheAwareContextLoaderDelegate.java:180
        Caused by: org.springframework.beans.factory.BeanDefinitionStoreException at ConfigurationClassParser.java:627
            Caused by: java.lang.IllegalStateException at SpringBootCondition.java:60
                Caused by: java.lang.IllegalStateException at Preconditions.java:512

1 test completed, 1 failed

FAILURE: Build failed with an exception.

* What went wrong:
Execution failed for task ':test'.
> There were failing tests. See the report at: file:///Users/jang/Desktop/Study/GuestHouse/backend/build/reports/tests/test/index.html

* Try:
> Run with --scan to get full insights.

BUILD FAILED in 2s
5 actionable tasks: 1 executed, 4 up-to-date
